<html>
<body>
<pre>
<h1>µVision Build Log</h1>
<h2>Project:</h2>
D:\HAEY\LED.uvproj
Project File Date:  03/06/2024

<h2>Output:</h2>
Build target 'Target 1'
compiling LED.c...
LED.c(25): warning:  #1-D: last line of file ends without a newline
    
LED.c: 1 warning, 0 errors
linking...
Program Size: Code=812 RO-data=16 RW-data=0 ZI-data=1256  
FromELF: creating hex file...
".\LEDhex.axf" - 0 Error(s), 1 Warning(s).
</pre>
</body>
</html>
on to list the image map.
Finished: 2 information, 1 warning and 1 error messages.
".\LED.axf" - 1 Error(s), 1 Warning(s).
Target not created
s).
Target not created
