<html>
<body>
<pre>
<h1>µVision Build Log</h1>
<h2>Project:</h2>
D:\126003115\adc.uvproj
Project File Date:  03/13/2024

<h2>Output:</h2>
Build target 'Target 1'
linking...
Program Size: Code=912 RO-data=16 RW-data=0 ZI-data=1256  
FromELF: creating hex file...
".\uart.axf" - 0 Error(s), 0 Warning(s).
</pre>
</body>
</html>
t a newline
  }
timer.c: 2 warnings, 0 errors
linking...
Program Size: Code=960 RO-data=16 RW-data=0 ZI-data=1256  
FromELF: creating hex file...
".\adc.axf" - 0 Error(s), 2 Warning(s).
axf" - 0 Error(s), 2 Warning(s).
