


ARM Macro Assembler    Page 1 


    1 00000000                 AREA             sam,CODE,READONLY
    2 00000000         
    3 00000000 E3A00101        LDR              r0, = 0x40000000 ;
    4 00000004 E4902004        LDR              r2,[r0],#0x4 ;
    5 00000008 E0803102        ADD              r3,r0,r2,LSL #2 ;
    6 0000000C E5134004 
                       L       LDR              r4,[r3,#-0x4] ;
    7 00000010 E4034004        STR              r4,[r3],#-0x4 ;
    8 00000014 E2522001        subs             r2,r2,#01   ;
    9 00000018 1AFFFFFB        BNE              L
   10 0000001C EAFFFFFE 
                       l       B                l
   11 00000020                 END
Command Line: --debug --xref --apcs=interwork --depend=.\ex2.d -o.\ex2.o -IC:\K
eil\ARM\RV31\INC -IC:\Keil\ARM\CMSIS\Include -IC:\Keil\ARM\Inc\Philips --predef
ine="__EVAL SETA 1" --list=.\ex2.lst ex2.asm



ARM Macro Assembler    Page 1 Alphabetic symbol ordering
Relocatable symbols

L 0000000C

Symbol: L
   Definitions
      At line 6 in file ex2.asm
   Uses
      At line 9 in file ex2.asm
Comment: L used once
l 0000001C

Symbol: l
   Definitions
      At line 10 in file ex2.asm
   Uses
      At line 10 in file ex2.asm
Comment: l used once
sam 00000000

Symbol: sam
   Definitions
      At line 1 in file ex2.asm
   Uses
      None
Comment: sam unused
3 symbols
334 symbols in table
